#-----------------------------------------------------------
# PlanAhead v14.2 (64-bit)
# Build 194362 by xbuild on Fri Jul 20 18:52:11 MDT 2012
# Start of session at: Fri Feb 21 17:09:54 2014
# Process ID: 6300
# Log file: X:/keyboardtest/planAhead_run_1/planAhead.log
# Journal file: X:/keyboardtest/planAhead_run_1/planAhead.jou
#-----------------------------------------------------------
start_gui
source X:/keyboardtest/pa.fromHdl.tcl
startgroup
set_property package_pin U16 [get_ports {led[0]}]
endgroup
startgroup
set_property package_pin V16 [get_ports {led[1]}]
endgroup
startgroup
set_property package_pin U15 [get_ports {led[2]}]
endgroup
startgroup
set_property package_pin V15 [get_ports {led[3]}]
endgroup
set_property package_pin "" [get_ports [list  {led[5]}]]
startgroup
set_property package_pin M11 [get_ports {led[4]}]
endgroup
startgroup
set_property package_pin N11 [get_ports {led[5]}]
endgroup
startgroup
set_property package_pin R11 [get_ports {led[6]}]
endgroup
startgroup
set_property package_pin T11 [get_ports {led[7]}]
endgroup
set_property package_pin "" [get_ports [list  clk]]
startgroup
set_property package_pin V11 [get_ports clk]
endgroup
startgroup
set_property package_pin L12 [get_ports clk]
endgroup
startgroup
set_property package_pin J13 [get_ports data]
endgroup
set_property pulltype PULLUP [get_ports [list clk]]
set_property pulltype PULLUP [get_ports [list data]]
save_design
